15:59:08 **** Incremental Build of configuration Debug for project STM32_PWM ****
make -j20 all 
arm-none-eabi-gcc "../Core/Src/main.c" -mcpu=cortex-m4 -std=gnu11 -g3 -DDEBUG -DUSE_HAL_DRIVER -DSTM32F411xE -c -I../Core/Inc -I../Drivers/STM32F4xx_HAL_Driver/Inc -I../Drivers/STM32F4xx_HAL_Driver/Inc/Legacy -I../Drivers/CMSIS/Device/ST/STM32F4xx/Include -I../Drivers/CMSIS/Include -O0 -ffunction-sections -fdata-sections -Wall -fstack-usage -fcyclomatic-complexity -MMD -MP -MF"Core/Src/main.d" -MT"Core/Src/main.o" --specs=nano.specs -mfpu=fpv4-sp-d16 -mfloat-abi=hard -mthumb -o "Core/Src/main.o"
arm-none-eabi-gcc -o "STM32_PWM.elf" @"objects.list"   -mcpu=cortex-m4 -T"C:\Users\Zehta\Documents\Repository\STM32_PWM\STM32_PWM\STM32F411RETX_FLASH.ld" --specs=nosys.specs -Wl,-Map="STM32_PWM.map" -Wl,--gc-sections -static --specs=nano.specs -mfpu=fpv4-sp-d16 -mfloat-abi=hard -mthumb -Wl,--start-group -lc -lm -Wl,--end-group
Finished building target: STM32_PWM.elf
 
arm-none-eabi-size  STM32_PWM.elf 
arm-none-eabi-objdump -h -S STM32_PWM.elf  > "STM32_PWM.list"
   text	   data	    bss	    dec	    hex	filename
   9308	     12	   1644	  10964	   2ad4	STM32_PWM.elf
Finished building: default.size.stdout
 
Finished building: STM32_PWM.list
 

15:59:09 Build Finished. 0 errors, 0 warnings. (took 1s.483ms)

